INFO tracts in region: 719
INFO starting USGS NLCD land cover (peak memory so far 186 MB)
INFO finished USGS NLCD land cover (peak memory 353 MB)
INFO starting Roads and trails (peak memory so far 353 MB)
INFO DOT roads: 6717 segments in 13s
INFO OpenStreetMap: 7025 ways in 4s
INFO trails: 3208 lines in 4s
INFO road network indexed and distance grid built in 1s (peak memory 748 MB)
INFO road signals for 993 units in 4s
INFO finished Roads and trails (peak memory 748 MB)
INFO starting USGS 3DEP elevation (peak memory so far 748 MB)
INFO terrain tile 1: 3 units, 5 features (download 1s, analysis 0s, peak memory 748 MB)
INFO terrain tile 2: 11 units, 4 features (download 0s, analysis 0s, peak memory 748 MB)
INFO terrain tile 3: 10 units, 4 features (download 0s, analysis 0s, peak memory 748 MB)
INFO terrain tile 4: 7 units, 2 features (download 0s, analysis 0s, peak memory 748 MB)
INFO terrain tile 5: 11 units, 3 features (download 1s, analysis 0s, peak memory 748 MB)
INFO terrain tile 6: 21 units, 2 features (download 0s, analysis 0s, peak memory 748 MB)
INFO terrain tile 7: 8 units, 7 features (download 0s, analysis 0s, peak memory 748 MB)
INFO terrain tile 8: 5 units, 5 features (download 0s, analysis 0s, peak memory 748 MB)
INFO terrain tile 9: 8 units, 0 features (download 0s, analysis 0s, peak memory 748 MB)
INFO terrain tile 10: 26 units, 1 features (download 0s, analysis 0s, peak memory 748 MB)
INFO terrain tile 11: 26 units, 3 features (download 0s, analysis 0s, peak memory 748 MB)
INFO terrain tile 12: 26 units, 6 features (download 1s, analysis 0s, peak memory 748 MB)
INFO terrain tile 13: 22 units, 9 features (download 0s, analysis 0s, peak memory 748 MB)
INFO terrain tile 14: 12 units, 4 features (download 0s, analysis 0s, peak memory 748 MB)
INFO terrain tile 15: 8 units, 4 features (download 1s, analysis 0s, peak memory 748 MB)
INFO terrain tile 16: 2 units, 0 features (download 0s, analysis 0s, peak memory 748 MB)
INFO terrain tile 17: 7 units, 0 features (download 0s, analysis 0s, peak memory 748 MB)
INFO terrain tile 18: 23 units, 0 features (download 0s, analysis 0s, peak memory 748 MB)
INFO terrain tile 19: 20 units, 1 features (download 0s, analysis 0s, peak memory 748 MB)
INFO terrain tile 20: 41 units, 2 features (download 0s, analysis 0s, peak memory 748 MB)
INFO terrain tile 21: 29 units, 3 features (download 0s, analysis 0s, peak memory 748 MB)
INFO terrain tile 22: 20 units, 12 features (download 0s, analysis 0s, peak memory 748 MB)
INFO terrain tile 23: 17 units, 11 features (download 0s, analysis 0s, peak memory 748 MB)
INFO terrain tile 24: 7 units, 0 features (download 0s, analysis 0s, peak memory 748 MB)
INFO terrain tile 25: 20 units, 0 features (download 0s, analysis 0s, peak memory 748 MB)
INFO terrain tile 26: 24 units, 4 features (download 0s, analysis 0s, peak memory 748 MB)
INFO terrain tile 27: 31 units, 1 features (download 1s, analysis 0s, peak memory 748 MB)
INFO terrain tile 28: 23 units, 0 features (download 0s, analysis 0s, peak memory 748 MB)
INFO terrain tile 29: 29 units, 4 features (download 0s, analysis 0s, peak memory 748 MB)
INFO terrain tile 30: 15 units, 2 features (download 0s, analysis 0s, peak memory 748 MB)
INFO terrain tile 31: 8 units, 0 features (download 0s, analysis 0s, peak memory 748 MB)
INFO terrain tile 32: 21 units, 6 features (download 0s, analysis 0s, peak memory 748 MB)
INFO terrain tile 33: 25 units, 5 features (download 0s, analysis 0s, peak memory 748 MB)
INFO terrain tile 34: 19 units, 0 features (download 0s, analysis 0s, peak memory 748 MB)
INFO terrain tile 35: 21 units, 0 features (download 1s, analysis 0s, peak memory 748 MB)
INFO terrain tile 36: 18 units, 6 features (download 0s, analysis 0s, peak memory 748 MB)
INFO terrain tile 37: 7 units, 1 features (download 1s, analysis 0s, peak memory 748 MB)
INFO terrain tile 38: 15 units, 2 features (download 0s, analysis 0s, peak memory 748 MB)
INFO terrain tile 39: 28 units, 4 features (download 0s, analysis 0s, peak memory 748 MB)
INFO terrain tile 40: 22 units, 1 features (download 0s, analysis 0s, peak memory 748 MB)
INFO terrain tile 41: 9 units, 0 features (download 0s, analysis 0s, peak memory 748 MB)
INFO terrain tile 42: 19 units, 0 features (download 0s, analysis 0s, peak memory 748 MB)
INFO terrain tile 43: 18 units, 1 features (download 1s, analysis 0s, peak memory 748 MB)
INFO terrain tile 44: 14 units, 4 features (download 0s, analysis 0s, peak memory 748 MB)
INFO terrain tile 45: 10 units, 5 features (download 0s, analysis 0s, peak memory 748 MB)
INFO terrain tile 46: 24 units, 2 features (download 0s, analysis 0s, peak memory 748 MB)
INFO terrain tile 47: 9 units, 0 features (download 0s, analysis 0s, peak memory 748 MB)
INFO terrain tile 48: 11 units, 0 features (download 0s, analysis 0s, peak memory 748 MB)
INFO terrain tile 49: 10 units, 3 features (download 1s, analysis 0s, peak memory 748 MB)
INFO terrain tile 50: 10 units, 2 features (download 0s, analysis 0s, peak memory 748 MB)
INFO terrain tile 51: 9 units, 3 features (download 0s, analysis 0s, peak memory 748 MB)
INFO terrain tile 52: 26 units, 7 features (download 1s, analysis 0s, peak memory 748 MB)
INFO terrain tile 53: 19 units, 2 features (download 0s, analysis 0s, peak memory 748 MB)
INFO terrain tile 54: 18 units, 0 features (download 0s, analysis 0s, peak memory 748 MB)
INFO terrain tile 55: 26 units, 1 features (download 0s, analysis 0s, peak memory 748 MB)
INFO terrain tile 56: 5 units, 2 features (download 1s, analysis 0s, peak memory 748 MB)
INFO terrain tile 57: 10 units, 1 features (download 0s, analysis 0s, peak memory 748 MB)
INFO terrain tile 58: 16 units, 1 features (download 0s, analysis 0s, peak memory 748 MB)
INFO terrain tile 59: 17 units, 2 features (download 0s, analysis 0s, peak memory 748 MB)
INFO terrain tile 60: 2 units, 3 features (download 0s, analysis 0s, peak memory 748 MB)
INFO terrain tile 61: 21 units, 2 features (download 0s, analysis 0s, peak memory 748 MB)
INFO terrain tile 62: 18 units, 1 features (download 0s, analysis 0s, peak memory 748 MB)
INFO terrain tile 63: 7 units, 0 features (download 0s, analysis 0s, peak memory 748 MB)
INFO terrain tile 64: 8 units, 0 features (download 1s, analysis 0s, peak memory 748 MB)
INFO terrain tile 65: 14 units, 5 features (download 0s, analysis 0s, peak memory 748 MB)
INFO terrain tile 66: 6 units, 6 features (download 0s, analysis 0s, peak memory 748 MB)
INFO terrain tile 67: 28 units, 5 features (download 0s, analysis 0s, peak memory 748 MB)
INFO terrain tile 68: 15 units, 2 features (download 1s, analysis 0s, peak memory 748 MB)
INFO terrain tile 69: 7 units, 1 features (download 1s, analysis 0s, peak memory 748 MB)
INFO terrain tile 70: 16 units, 2 features (download 1s, analysis 0s, peak memory 748 MB)
INFO terrain tile 71: 13 units, 2 features (download 0s, analysis 0s, peak memory 748 MB)
INFO terrain tile 72: 6 units, 7 features (download 0s, analysis 0s, peak memory 748 MB)
INFO terrain tile 73: 24 units, 8 features (download 0s, analysis 0s, peak memory 748 MB)
INFO terrain tile 74: 5 units, 2 features (download 1s, analysis 0s, peak memory 748 MB)
INFO terrain tile 75: 7 units, 2 features (download 0s, analysis 0s, peak memory 748 MB)
INFO terrain tile 76: 15 units, 5 features (download 0s, analysis 0s, peak memory 748 MB)
INFO terrain tile 77: 28 units, 0 features (download 0s, analysis 0s, peak memory 748 MB)
INFO terrain tile 78: 19 units, 2 features (download 1s, analysis 0s, peak memory 748 MB)
INFO terrain tile 79: 11 units, 7 features (download 0s, analysis 0s, peak memory 755 MB)
ERROR terrain tile at (1904000.0, 2704000.0) skipped: elevation tile is mostly empty
INFO terrain tile 80: 12 units, 6 features (download 0s, analysis 0s, peak memory 755 MB)
INFO terrain tile 81: 25 units, 1 features (download 1s, analysis 0s, peak memory 755 MB)
INFO terrain tile 82: 26 units, 2 features (download 0s, analysis 0s, peak memory 755 MB)
INFO terrain tile 83: 12 units, 0 features (download 1s, analysis 0s, peak memory 761 MB)
ERROR terrain tile at (1904000.0, 2712000.0) skipped: elevation tile is mostly empty
INFO terrain tile 84: 23 units, 2 features (download 1s, analysis 0s, peak memory 764 MB)
INFO terrain tile 85: 28 units, 0 features (download 0s, analysis 0s, peak memory 770 MB)
INFO terrain tile 86: 28 units, 1 features (download 1s, analysis 0s, peak memory 794 MB)
INFO terrain tile 87: 6 units, 2 features (download 0s, analysis 0s, peak memory 794 MB)
ERROR terrain tile at (1904000.0, 2720000.0) skipped: elevation tile is mostly empty
INFO terrain tile 88: 25 units, 0 features (download 0s, analysis 0s, peak memory 798 MB)
INFO terrain tile 89: 24 units, 3 features (download 0s, analysis 0s, peak memory 798 MB)
INFO terrain tile 90: 20 units, 0 features (download 0s, analysis 0s, peak memory 801 MB)
ERROR terrain tile at (1912000.0, 2728000.0) skipped: elevation tile is mostly empty
INFO terrain tile 91: 7 units, 1 features (download 0s, analysis 0s, peak memory 808 MB)
INFO finished USGS 3DEP elevation (peak memory 808 MB)
INFO starting Open-Meteo historical weather (peak memory so far 808 MB)
INFO finished Open-Meteo historical weather (peak memory 808 MB)
INFO wrote properties.geojson (442.2 KB)
INFO wrote blocks.geojson (392.9 KB)
INFO wrote spots.geojson (31.4 KB)
INFO wrote catalog.json (3125.9 KB)
INFO wrote regulations.json (3.1 KB)
INFO wrote manifest.json (3.1 KB)
{
  "tracts": 719,
  "properties": 297,
  "units": 1008,
  "blocks": 733,
  "spots": 147,
  "access_status": {
    "unknown": 229,
    "verified": 53,
    "prohibited": 15
  },
  "total_acres": 670473
}
